// Jest Snapshot v1, https://goo.gl/fbAQLP

exports[`emailForm-snapshot-test 1`] = `
<div>
  <input
    className="subject"
    id="subject"
    onChange={[Function]}
    placeholder="I feel _______"
    type="text"
  />
  <br />
  <textarea
    className="body"
    cols="69"
    id="body"
    onChange={[Function]}
    placeholder="because..."
    rows="11"
    type="text"
  />
  <br />
</div>
`;
