// Jest Snapshot v1, https://goo.gl/fbAQLP

exports[`preview-snapshot-test 1`] = `
<div>
  <div
    className="preview"
  >
    <div
      className="subject-preview"
    >
      subject
    </div>
    <div
      className="body-preview"
    >
      body
    </div>
  </div>
</div>
`;

exports[`test 1`] = `
<div>
  <div
    className="preview"
  >
    <div
      className="subject-preview"
    >
      subject
    </div>
    <div
      className="body-preview"
    >
      body
    </div>
  </div>
</div>
`;
